Error   : macro 'O_RDWR' redefined(included from: macsurf_prefix.h:35 clipboard.c:1)fcntl.h line 15   #define O_RDWR   0x1   /* open the file in read/write mode */ /*- mm 980420 -*/Error   : macro 'O_RDONLY' redefined(included from: macsurf_prefix.h:35 clipboard.c:1)fcntl.h line 16   #define O_RDONLY  0x2   /* open the file in read only mode */ /*- mm 980420 -*/Error   : macro 'O_WRONLY' redefined(included from: macsurf_prefix.h:35 clipboard.c:1)fcntl.h line 17   #define O_WRONLY  0x4   /* open the file in write only mode */ /*- mm 980420 -*/Error   : macro 'O_TRUNC' redefined(included from: macsurf_prefix.h:35 clipboard.c:1)fcntl.h line 21   #define O_TRUNC   0x0800  /* truncate the file after opening it */Error   : macro 'O_RDWR' redefined(included from: macsurf_prefix.h:35 font.c:1)fcntl.h line 15   #define O_RDWR   0x1   /* open the file in read/write mode */ /*- mm 980420 -*/Error   : macro 'O_RDONLY' redefined(included from: macsurf_prefix.h:35 font.c:1)fcntl.h line 16   #define O_RDONLY  0x2   /* open the file in read only mode */ /*- mm 980420 -*/Error   : macro 'O_WRONLY' redefined(included from: macsurf_prefix.h:35 font.c:1)fcntl.h line 17   #define O_WRONLY  0x4   /* open the file in write only mode */ /*- mm 980420 -*/Error   : macro 'O_TRUNC' redefined(included from: macsurf_prefix.h:35 font.c:1)fcntl.h line 21   #define O_TRUNC   0x0800  /* truncate the file after opening it */Error   : macro 'O_RDWR' redefined(included from: macsurf_prefix.h:35 macos9_bitmap.c:1)fcntl.h line 15   #define O_RDWR   0x1   /* open the file in read/write mode */ /*- mm 980420 -*/Error   : macro 'O_RDONLY' redefined(included from: macsurf_prefix.h:35 macos9_bitmap.c:1)fcntl.h line 16   #define O_RDONLY  0x2   /* open the file in read only mode */ /*- mm 980420 -*/Error   : macro 'O_WRONLY' redefined(included from: macsurf_prefix.h:35 macos9_bitmap.c:1)fcntl.h line 17   #define O_WRONLY  0x4   /* open the file in write only mode */ /*- mm 980420 -*/Error   : macro 'O_TRUNC' redefined(included from: macsurf_prefix.h:35 macos9_bitmap.c:1)fcntl.h line 21   #define O_TRUNC   0x0800  /* truncate the file after opening it */Error   : macro 'O_RDWR' redefined(included from: macsurf_prefix.h:35 macos9_download.c:1)fcntl.h line 15   #define O_RDWR   0x1   /* open the file in read/write mode */ /*- mm 980420 -*/Error   : macro 'O_RDONLY' redefined(included from: macsurf_prefix.h:35 macos9_download.c:1)fcntl.h line 16   #define O_RDONLY  0x2   /* open the file in read only mode */ /*- mm 980420 -*/Error   : macro 'O_WRONLY' redefined(included from: macsurf_prefix.h:35 macos9_download.c:1)fcntl.h line 17   #define O_WRONLY  0x4   /* open the file in write only mode */ /*- mm 980420 -*/Error   : macro 'O_TRUNC' redefined(included from: macsurf_prefix.h:35 macos9_download.c:1)fcntl.h line 21   #define O_TRUNC   0x0800  /* truncate the file after opening it */Error   : macro 'O_RDWR' redefined(included from: macsurf_prefix.h:35 macos9_fetch.c:1)fcntl.h line 15   #define O_RDWR   0x1   /* open the file in read/write mode */ /*- mm 980420 -*/Error   : macro 'O_RDONLY' redefined(included from: macsurf_prefix.h:35 macos9_fetch.c:1)fcntl.h line 16   #define O_RDONLY  0x2   /* open the file in read only mode */ /*- mm 980420 -*/Error   : macro 'O_WRONLY' redefined(included from: macsurf_prefix.h:35 macos9_fetch.c:1)fcntl.h line 17   #define O_WRONLY  0x4   /* open the file in write only mode */ /*- mm 980420 -*/Error   : macro 'O_TRUNC' redefined(included from: macsurf_prefix.h:35 macos9_fetch.c:1)fcntl.h line 21   #define O_TRUNC   0x0800  /* truncate the file after opening it */Error   : macro 'O_RDWR' redefined(included from: macsurf_prefix.h:35 macos9_utf8.c:1)fcntl.h line 15   #define O_RDWR   0x1   /* open the file in read/write mode */ /*- mm 980420 -*/Error   : macro 'O_RDONLY' redefined(included from: macsurf_prefix.h:35 macos9_utf8.c:1)fcntl.h line 16   #define O_RDONLY  0x2   /* open the file in read only mode */ /*- mm 980420 -*/Error   : macro 'O_WRONLY' redefined(included from: macsurf_prefix.h:35 macos9_utf8.c:1)fcntl.h line 17   #define O_WRONLY  0x4   /* open the file in write only mode */ /*- mm 980420 -*/Error   : macro 'O_TRUNC' redefined(included from: macsurf_prefix.h:35 macos9_utf8.c:1)fcntl.h line 21   #define O_TRUNC   0x0800  /* truncate the file after opening it */Error   : macro 'O_RDWR' redefined(included from: macsurf_prefix.h:35 main.c:1)fcntl.h line 15   #define O_RDWR   0x1   /* open the file in read/write mode */ /*- mm 980420 -*/Error   : macro 'O_RDONLY' redefined(included from: macsurf_prefix.h:35 main.c:1)fcntl.h line 16   #define O_RDONLY  0x2   /* open the file in read only mode */ /*- mm 980420 -*/Error   : macro 'O_WRONLY' redefined(included from: macsurf_prefix.h:35 main.c:1)fcntl.h line 17   #define O_WRONLY  0x4   /* open the file in write only mode */ /*- mm 980420 -*/Error   : macro 'O_TRUNC' redefined(included from: macsurf_prefix.h:35 main.c:1)fcntl.h line 21   #define O_TRUNC   0x0800  /* truncate the file after opening it */Error   : macro 'O_RDWR' redefined(included from: macsurf_prefix.h:35 misc.c:1)fcntl.h line 15   #define O_RDWR   0x1   /* open the file in read/write mode */ /*- mm 980420 -*/Error   : macro 'O_RDONLY' redefined(included from: macsurf_prefix.h:35 misc.c:1)fcntl.h line 16   #define O_RDONLY  0x2   /* open the file in read only mode */ /*- mm 980420 -*/Error   : macro 'O_WRONLY' redefined(included from: macsurf_prefix.h:35 misc.c:1)fcntl.h line 17   #define O_WRONLY  0x4   /* open the file in write only mode */ /*- mm 980420 -*/Error   : macro 'O_TRUNC' redefined(included from: macsurf_prefix.h:35 misc.c:1)fcntl.h line 21   #define O_TRUNC   0x0800  /* truncate the file after opening it */Error   : macro 'O_RDWR' redefined(included from: macsurf_prefix.h:35 plotters.c:1)fcntl.h line 15   #define O_RDWR   0x1   /* open the file in read/write mode */ /*- mm 980420 -*/Error   : macro 'O_RDONLY' redefined(included from: macsurf_prefix.h:35 plotters.c:1)fcntl.h line 16   #define O_RDONLY  0x2   /* open the file in read only mode */ /*- mm 980420 -*/Error   : macro 'O_WRONLY' redefined(included from: macsurf_prefix.h:35 plotters.c:1)fcntl.h line 17   #define O_WRONLY  0x4   /* open the file in write only mode */ /*- mm 980420 -*/Error   : macro 'O_TRUNC' redefined(included from: macsurf_prefix.h:35 plotters.c:1)fcntl.h line 21   #define O_TRUNC   0x0800  /* truncate the file after opening it */Error   : macro 'O_RDWR' redefined(included from: macsurf_prefix.h:35 schedule.c:1)fcntl.h line 15   #define O_RDWR   0x1   /* open the file in read/write mode */ /*- mm 980420 -*/Error   : macro 'O_RDONLY' redefined(included from: macsurf_prefix.h:35 schedule.c:1)fcntl.h line 16   #define O_RDONLY  0x2   /* open the file in read only mode */ /*- mm 980420 -*/Error   : macro 'O_WRONLY' redefined(included from: macsurf_prefix.h:35 schedule.c:1)fcntl.h line 17   #define O_WRONLY  0x4   /* open the file in write only mode */ /*- mm 980420 -*/Error   : macro 'O_TRUNC' redefined(included from: macsurf_prefix.h:35 schedule.c:1)fcntl.h line 21   #define O_TRUNC   0x0800  /* truncate the file after opening it */Error   : macro 'O_RDWR' redefined(included from: macsurf_prefix.h:35 window.c:1)fcntl.h line 15   #define O_RDWR   0x1   /* open the file in read/write mode */ /*- mm 980420 -*/Error   : macro 'O_RDONLY' redefined(included from: macsurf_prefix.h:35 window.c:1)fcntl.h line 16   #define O_RDONLY  0x2   /* open the file in read only mode */ /*- mm 980420 -*/Error   : macro 'O_WRONLY' redefined(included from: macsurf_prefix.h:35 window.c:1)fcntl.h line 17   #define O_WRONLY  0x4   /* open the file in write only mode */ /*- mm 980420 -*/Error   : macro 'O_TRUNC' redefined(included from: macsurf_prefix.h:35 window.c:1)fcntl.h line 21   #define O_TRUNC   0x0800  /* truncate the file after opening it */Error   : illegal implicit conversion from 'bool (*)(struct gui_window *, int *, int *)' to'unsigned char (*)(struct gui_window *, int *, int *)'window.c line 459   macos9_window_get_scroll, Error   : illegal implicit conversion from 'bool (*)(struct gui_window *, @enum$32window_c, const struct rect *)' to'unsigned char (*)(struct gui_window *, @enum$32window_c, const struct rect *)'window.c line 469   macos9_window_drag_start, Error   : macro 'O_RDWR' redefined(included from: macsurf_prefix.h:35 mac_dirent.c:1)fcntl.h line 15   #define O_RDWR   0x1   /* open the file in read/write mode */ /*- mm 980420 -*/Error   : macro 'O_RDONLY' redefined(included from: macsurf_prefix.h:35 mac_dirent.c:1)fcntl.h line 16   #define O_RDONLY  0x2   /* open the file in read only mode */ /*- mm 980420 -*/Error   : macro 'O_WRONLY' redefined(included from: macsurf_prefix.h:35 mac_dirent.c:1)fcntl.h line 17   #define O_WRONLY  0x4   /* open the file in write only mode */ /*- mm 980420 -*/Error   : macro 'O_TRUNC' redefined(included from: macsurf_prefix.h:35 mac_dirent.c:1)fcntl.h line 21   #define O_TRUNC   0x0800  /* truncate the file after opening it */Error   : macro 'O_RDWR' redefined(included from: macsurf_prefix.h:35 mac_file_io.c:1)fcntl.h line 15   #define O_RDWR   0x1   /* open the file in read/write mode */ /*- mm 980420 -*/Error   : macro 'O_RDONLY' redefined(included from: macsurf_prefix.h:35 mac_file_io.c:1)fcntl.h line 16   #define O_RDONLY  0x2   /* open the file in read only mode */ /*- mm 980420 -*/Error   : macro 'O_WRONLY' redefined(included from: macsurf_prefix.h:35 mac_file_io.c:1)fcntl.h line 17   #define O_WRONLY  0x4   /* open the file in write only mode */ /*- mm 980420 -*/Error   : macro 'O_TRUNC' redefined(included from: macsurf_prefix.h:35 mac_file_io.c:1)fcntl.h line 21   #define O_TRUNC   0x0800  /* truncate the file after opening it */Error   : macro 'O_RDWR' redefined(included from: macsurf_prefix.h:35 mac_iconv.c:1)fcntl.h line 15   #define O_RDWR   0x1   /* open the file in read/write mode */ /*- mm 980420 -*/Error   : macro 'O_RDONLY' redefined(included from: macsurf_prefix.h:35 mac_iconv.c:1)fcntl.h line 16   #define O_RDONLY  0x2   /* open the file in read only mode */ /*- mm 980420 -*/Error   : macro 'O_WRONLY' redefined(included from: macsurf_prefix.h:35 mac_iconv.c:1)fcntl.h line 17   #define O_WRONLY  0x4   /* open the file in write only mode */ /*- mm 980420 -*/Error   : macro 'O_TRUNC' redefined(included from: macsurf_prefix.h:35 mac_iconv.c:1)fcntl.h line 21   #define O_TRUNC   0x0800  /* truncate the file after opening it */Error   : undefined identifier 'kTECUsedFallbacksStatus'mac_iconv.c line 155   if (err == noErr || err == kTECUsedFallbacksStatus)Error   : undefined identifier 'kTECPartialCharErr'mac_iconv.c line 158   if (err == kTECPartialCharErr) {Error   : undefined identifier 'kTECOutputBufferFullStatus'mac_iconv.c line 162   if (err == kTECOutputBufferFullStatus) {Error   : undefined identifier 'kTECUnmappableElementErr'mac_iconv.c line 166   if (err == kTECUnmappableElementErr) {Error   : macro 'O_RDWR' redefined(included from: macsurf_prefix.h:35 mac_stat.c:1)fcntl.h line 15   #define O_RDWR   0x1   /* open the file in read/write mode */ /*- mm 980420 -*/Error   : macro 'O_RDONLY' redefined(included from: macsurf_prefix.h:35 mac_stat.c:1)fcntl.h line 16   #define O_RDONLY  0x2   /* open the file in read only mode */ /*- mm 980420 -*/Error   : macro 'O_WRONLY' redefined(included from: macsurf_prefix.h:35 mac_stat.c:1)fcntl.h line 17   #define O_WRONLY  0x4   /* open the file in write only mode */ /*- mm 980420 -*/Error   : macro 'O_TRUNC' redefined(included from: macsurf_prefix.h:35 mac_stat.c:1)fcntl.h line 21   #define O_TRUNC   0x0800  /* truncate the file after opening it */Error   : macro 'O_RDWR' redefined(included from: macsurf_prefix.h:35 mac_time.c:1)fcntl.h line 15   #define O_RDWR   0x1   /* open the file in read/write mode */ /*- mm 980420 -*/Error   : macro 'O_RDONLY' redefined(included from: macsurf_prefix.h:35 mac_time.c:1)fcntl.h line 16   #define O_RDONLY  0x2   /* open the file in read only mode */ /*- mm 980420 -*/Error   : macro 'O_WRONLY' redefined(included from: macsurf_prefix.h:35 mac_time.c:1)fcntl.h line 17   #define O_WRONLY  0x4   /* open the file in write only mode */ /*- mm 980420 -*/Error   : macro 'O_TRUNC' redefined(included from: macsurf_prefix.h:35 mac_time.c:1)fcntl.h line 21   #define O_TRUNC   0x0800  /* truncate the file after opening it */Error   : macro 'O_RDWR' redefined(included from: macsurf_prefix.h:35 content.c:1)fcntl.h line 15   #define O_RDWR   0x1   /* open the file in read/write mode */ /*- mm 980420 -*/Error   : macro 'O_RDONLY' redefined(included from: macsurf_prefix.h:35 content.c:1)fcntl.h line 16   #define O_RDONLY  0x2   /* open the file in read only mode */ /*- mm 980420 -*/Error   : macro 'O_WRONLY' redefined(included from: macsurf_prefix.h:35 content.c:1)fcntl.h line 17   #define O_WRONLY  0x4   /* open the file in write only mode */ /*- mm 980420 -*/Error   : macro 'O_TRUNC' redefined(included from: macsurf_prefix.h:35 content.c:1)fcntl.h line 21   #define O_TRUNC   0x0800  /* truncate the file after opening it */Error   : identifier 'content_debug' redeclared(included from: content.h:32 content.c:35)content_type.h line 30   enum content_debug {Error   : illegal name overloading(included from: content.h:32 content.c:35)content_type.h line 32   CONTENT_DEBUG_RENDER,Error   : illegal name overloading(included from: content.h:32 content.c:35)content_type.h line 35   CONTENT_DEBUG_DOM,Error   : illegal name overloading(included from: content.h:32 content.c:35)content_type.h line 39   };Error   : declaration syntax errorcontent_protected.h line 626   nserror content_abort(struct content *c);#endifError   : declaration syntax error(included from: textsearch.h:27 content.c:39)search.h line 27   struct browser_window;Error   : ')' expectedcontent.c line 79   NSLOG(netsurf, INFO, "content "URL_FMT_SPC" (%p)",Error   : ';' expectedcontent.c line 80   nsurl_access_log(llcache_handle_get_url(c->llcache)), c);Error   : ')' expectedcontent.c line 201   NSLOG(netsurf, INFO, "url "URL_FMT_SPC" -> %p",Error   : ';' expectedcontent.c line 202   nsurl_access_log(llcache_handle_get_url(llcache)), c);Error   : illegal implicit conversion from 'unsigned long long *' to'unsigned long *'content.c line 227   nsu_getmonotonic_ms(&c->time);Error   : illegal implicit conversion from 'unsigned long long *' to'unsigned long *'content.c line 303   nsu_getmonotonic_ms(&now_ms);Error   : ')' expectedcontent.c line 359   NSLOG(netsurf, INFO, "content %p %s", c,Error   : ';' expectedcontent.c line 360   nsurl_access_log(llcache_handle_get_url(c->llcache)));Error   : ')' expectedcontent.c line 605   NSLOG(netsurf, INFO, "Content %p %dx%d ctx:%p", c, width, height, ctx);Error   : ')' expectedcontent.c line 664   NSLOG(netsurf, INFO, "content "URL_FMT_SPC" (%p), user %p %p",Error   : ';' expectedcontent.c line 666   c, callback, pw);Error   : ')' expectedcontent.c line 693   NSLOG(netsurf, INFO, "content "URL_FMT_SPC" (%p), user %p %p",Error   : ';' expectedcontent.c line 695   c, callback, pw);Error   : ')' expectedcontent.c line 758   NSLOG(netsurf, DEEPDEBUG, "%p -> msg:%d", c, msg);Error   : ';' expectedcontent.c line 758   NSLOG(netsurf, DEEPDEBUG, "%p -> msg:%d", c, msg);Error   : ')' expectedcontent.c line 801   NSLOG(netsurf, INFO, "content %p %s", c,Error   : ';' expectedcontent.c line 802   nsurl_access_log(llcache_handle_get_url(c->llcache)));Error   : ')' expectedcontent.c line 829   NSLOG(netsurf, INFO, "content %p %s", c,Error   : ';' expectedcontent.c line 830   nsurl_access_log(llcache_handle_get_url(c->llcache)));Error   : illegal implicit conversion from 'bool *' to'unsigned char *'content.c line 962   &rel_match) == lwc_error_ok && rel_match) {Error   : ')' expectedcontent.c line 1442   NSLOG(netsurf, INFO, "Aborting %p", c);Error   : unterminated #if / macrocontent_protected.h line 27   #ifndef NETSURF_CONTENT_CONTENT_PROTECTED_H_ Error   : macro 'O_RDWR' redefined(included from: macsurf_prefix.h:35 content_factory.c:1)fcntl.h line 15   #define O_RDWR   0x1   /* open the file in read/write mode */ /*- mm 980420 -*/Error   : macro 'O_RDONLY' redefined(included from: macsurf_prefix.h:35 content_factory.c:1)fcntl.h line 16   #define O_RDONLY  0x2   /* open the file in read only mode */ /*- mm 980420 -*/Error   : macro 'O_WRONLY' redefined(included from: macsurf_prefix.h:35 content_factory.c:1)fcntl.h line 17   #define O_WRONLY  0x4   /* open the file in write only mode */ /*- mm 980420 -*/Error   : macro 'O_TRUNC' redefined(included from: macsurf_prefix.h:35 content_factory.c:1)fcntl.h line 21   #define O_TRUNC   0x0800  /* truncate the file after opening it */Error   : declaration syntax error(included from: http.h:30 content_factory.c:28)cache-control.h line 59   uint32_t http_cache_control_max_age(http_cache_control *cc);Error   : declaration syntax error(included from: http.h:33 content_factory.c:28)strict-transport-security.h line 52   uint32_t http_strict_transport_security_max_age(Error   : ')' expected(included from: http.h:33 content_factory.c:28)strict-transport-security.h line 53   http_strict_transport_security *sts);Error   : illegal function definitioncontent.h line 356   bool content_keypress(struct hlcache_handle *h, uint32_t key);Error   : illegal function definitioncontent_protected.h line 79   bool (*keypress)(struct content *c, uint32_t key);Error   : identifier 'open(const char *, int, ...)' redeclaredwas declared as: 'int (const char *, int, ...)'now declared as: '@enum$42content_factory_c (*)(struct content *, struct browser_window *, struct content *, struct object_params *)'content_protected.h line 84   struct content *page, struct object_params *params);Error   : declaration syntax errorcontent_protected.h line 160   };Error   : declaration syntax errorcontent_protected.h line 241   uint64_t time;Error   : declaration syntax errorcontent_protected.h line 247   uint64_t reformat_time;Error   : declaration syntax errorcontent_protected.h line 295   };Error   : ';' expectedcontent_protected.h line 469   const uint8_t *content__get_source_data(struct content *c, size_t *size);Error   : declaration syntax errorcontent_protected.h line 574   uint32_t content_count_users(struct content *c);Error   : declaration syntax errorcontent_protected.h line 626   nserror content_abort(struct content *c);#endifError   : declaration syntax error(included from: stdint.h:23 llcache.h:28 content_factory.c:33)cstdint line 37   typedef signed char int8_t;Error   : illegal name overloading(included from: stdint.h:23 llcache.h:28 content_factory.c:33)cstdint line 45   typedef unsigned char  uint8_t;Error   : illegal name overloading(included from: stdint.h:23 llcache.h:28 content_factory.c:33)cstdint line 47   typedef unsigned long int   uint32_t;Error   : illegal name overloading(included from: stdint.h:23 llcache.h:28 content_factory.c:33)cstdint line 50   typedef unsigned long long  uint64_t;Error   : illegal name overloading(included from: stdint.h:23 llcache.h:28 content_factory.c:33)cstdint line 101   typedef uint32_t uintptr_t;Error   : illegal name overloading(included from: stdint.h:23 llcache.h:28 content_factory.c:33)cstdint line 115   typedef uint64_t uintmax_t;Error   : declaration syntax error(included from: llcache.h:31 content_factory.c:33)nsurl.h line 269   uint32_t nsurl_hash(const nsurl *url);Error   : ';' expectedllcache.h line 89   const uint8_t *buf; /**< Buffer of data */Error   : declaration syntax errorllcache.h line 103   } llcache_event;Error   : ')' expectedllcache.h line 114   const llcache_event *event, void *pw);Error   : declaration syntax errorllcache.h line 151   uint32_t fetch_attempts;Error   : declaration syntax errorllcache.h line 154   };Error   : illegal function definitionllcache.h line 192   nserror llcache_handle_retrieve(nsurl *url, uint32_t flags,Error   : illegal name overloadingllcache.h line 193   nsurl *referer, const llcache_post_data *post,Error   : illegal name overloadingllcache.h line 194   llcache_handle_callback cb, void *pw,Error   : illegal name overloadingllcache.h line 195   llcache_handle **result);Error   : ';' expectedllcache.h line 265   const uint8_t *llcache_handle_get_source_data(const llcache_handle *handle,Error   : illegal use of incomplete struct/union/class 'struct content_handler'content_factory.c line 62   if (victim->handler->fini != NULL)Error   : illegal use of incomplete struct/union/class 'struct content_handler'content_factory.c line 63   victim->handler->fini();Error   : illegal implicit conversion from 'bool *' to'unsigned char *'content_factory.c line 94   &match) == lwc_error_ok && match)Error   : illegal implicit conversion from 'bool *' to'unsigned char *'content_factory.c line 129   &match) == lwc_error_ok && match) {Error   : illegal use of incomplete struct/union/class 'struct content_handler'content_factory.c line 154   type = handler->type();Error   : illegal use of incomplete struct/union/class 'struct content_handler'content_factory.c line 183   ((handler->create !=  0L) ? ((void) 0) : __msl_assertion_failed("handler->create != NULL",  "content_factory.c", __func__,  18Error   : illegal use of incomplete struct/union/class 'struct content_handler'content_factory.c line 193   error = handler->create(handler, effective_type, Error   : call of non-functioncontent_factory.c line 196   &c);Error   : unterminated #if / macrocontent_protected.h line 27   #ifndef NETSURF_CONTENT_CONTENT_PROTECTED_H_ Error   : macro 'O_RDWR' redefined(included from: macsurf_prefix.h:35 fs_backing_store.c:1)fcntl.h line 15   #define O_RDWR   0x1   /* open the file in read/write mode */ /*- mm 980420 -*/Error   : macro 'O_RDONLY' redefined(included from: macsurf_prefix.h:35 fs_backing_store.c:1)fcntl.h line 16   #define O_RDONLY  0x2   /* open the file in read only mode */ /*- mm 980420 -*/Error   : macro 'O_WRONLY' redefined(included from: macsurf_prefix.h:35 fs_backing_store.c:1)fcntl.h line 17   #define O_WRONLY  0x4   /* open the file in write only mode */ /*- mm 980420 -*/Error   : macro 'O_TRUNC' redefined(included from: macsurf_prefix.h:35 fs_backing_store.c:1)fcntl.h line 21   #define O_TRUNC   0x0800  /* truncate the file after opening it */Error   : macro 'S_IFDIR' redefinedstat.h line 16   #define S_IFDIR        0x4000         /* directory */Error   : macro 'S_IFREG' redefinedstat.h line 20   #define S_IFREG        0x8000         /* regular */Error   : macro 'S_ISDIR' redefinedstat.h line 27   #define S_ISDIR(m) (((m)&(S_IFMT)) == (S_IFDIR))Error   : macro 'S_ISREG' redefinedstat.h line 29   #define S_ISREG(m) (((m)&(S_IFMT)) == (S_IFREG))Error   : macro 'S_IRWXU' redefinedstat.h line 36   #define S_IRWXU 0x0E00  /* Permissions for file owner class */ /*- mm 990107 -*/Error   : macro 'S_IRUSR' redefinedstat.h line 37   #define  S_IRUSR 0x0800 /* Read permission file owner class */ /*- mm 990107 -*/Error   : macro 'S_IWUSR' redefinedstat.h line 38   #define  S_IWUSR 0x0400 /* writ permission file owner class */ /*- mm 990107 -*/Error   : macro 'S_IXUSR' redefinedstat.h line 39   #define  S_IXUSR 0x0200 /* exec permission file owner class */ /*- mm 990107 -*/Error   : struct/union/enum/class tag 'stat' redefinedstat.h line 89   {Error   : macro 'O_RDWR' redefined(included from: macsurf_prefix.h:35 hlcache.c:1)fcntl.h line 15   #define O_RDWR   0x1   /* open the file in read/write mode */ /*- mm 980420 -*/Error   : macro 'O_RDONLY' redefined(included from: macsurf_prefix.h:35 hlcache.c:1)fcntl.h line 16   #define O_RDONLY  0x2   /* open the file in read only mode */ /*- mm 980420 -*/Error   : macro 'O_WRONLY' redefined(included from: macsurf_prefix.h:35 hlcache.c:1)fcntl.h line 17   #define O_WRONLY  0x4   /* open the file in write only mode */ /*- mm 980420 -*/Error   : macro 'O_TRUNC' redefined(included from: macsurf_prefix.h:35 hlcache.c:1)fcntl.h line 21   #define O_TRUNC   0x0800  /* truncate the file after opening it */Error   : declaration syntax error(included from: http.h:30 hlcache.c:28)cache-control.h line 59   uint32_t http_cache_control_max_age(http_cache_control *cc);Error   : declaration syntax error(included from: http.h:33 hlcache.c:28)strict-transport-security.h line 52   uint32_t http_strict_transport_security_max_age(Error   : ')' expected(included from: http.h:33 hlcache.c:28)strict-transport-security.h line 53   http_strict_transport_security *sts);Error   : illegal name overloading(included from: stdint.h:23 messages.h:37 hlcache.c:30)cstdint line 47   typedef unsigned long int   uint32_t;Error   : illegal name overloading(included from: stdint.h:23 messages.h:37 hlcache.c:30)cstdint line 101   typedef uint32_t uintptr_t;Error   : illegal name overloading(included from: content.h:31 hlcache.c:35)types.h line 35   typedef uint32_t colour;Error   : declaration syntax errorcontent.h line 51   colour background_colour;Error   : declaration syntax errorcontent.h line 60   };Error   : declaration syntax error(included from: hlcache.h:28 hlcache.c:39)nsurl.h line 269   uint32_t nsurl_hash(const nsurl *url);Error   : illegal function definition(included from: hlcache.h:30 hlcache.c:39)content.h line 356   bool content_keypress(struct hlcache_handle *h, uint32_t key);Error   : declaration syntax error(included from: hlcache.h:31 hlcache.c:39)llcache.h line 151   uint32_t fetch_attempts;Error   : declaration syntax error(included from: hlcache.h:31 hlcache.c:39)llcache.h line 154   };Error   : illegal function definition(included from: hlcache.h:31 hlcache.c:39)llcache.h line 192   nserror llcache_handle_retrieve(nsurl *url, uint32_t flags,Error   : illegal name overloading(included from: hlcache.h:31 hlcache.c:39)llcache.h line 193   nsurl *referer, const llcache_post_data *post,Error   : illegal name overloading(included from: hlcache.h:31 hlcache.c:39)llcache.h line 194   llcache_handle_callback cb, void *pw,Error   : illegal name overloading(included from: hlcache.h:31 hlcache.c:39)llcache.h line 195   llcache_handle **result);Error   : illegal use of incomplete struct/union/class 'struct llcache_parameters'hlcache.h line 52   struct llcache_parameters llcache;Error   : illegal function definitionhlcache.h line 119   nserror hlcache_handle_retrieve(nsurl *url, uint32_t flags,Error   : illegal name overloadinghlcache.h line 120   nsurl *referer, llcache_post_data *post,Error   : declaration syntax errorhlcache.h line 121   hlcache_handle_callback cb, void *pw,Error   : illegal name overloadinghlcache.h line 122   hlcache_child_context *child,Error   : declaration syntax errorhlcache.h line 123   content_type accepted_types, hlcache_handle **result);Error   : illegal function definitioncontent_protected.h line 79   bool (*keypress)(struct content *c, uint32_t key);Error   : identifier 'open(const char *, int, ...)' redeclaredwas declared as: 'int (const char *, int, ...)'now declared as: '@enum$42hlcache_c (*)(struct content *, struct browser_window *, struct content *, struct object_params *)'content_protected.h line 84   struct content *page, struct object_params *params);Error   : declaration syntax errorcontent_protected.h line 160   };Error   : declaration syntax errorcontent_protected.h line 574   uint32_t content_count_users(struct content *c);Error   : declaration syntax errorcontent_protected.h line 626   nserror content_abort(struct content *c);#endifError   : declaration syntax errorcontent_factory.h line 47   struct content;Error   : declaration syntax errorhlcache.c line 56   uint32_t flags;   /**< Retrieval flags */Error   : identifier 'child' redeclaredwas declared as: 'int'now declared as: 'struct hlcache_child_context'hlcache.c line 60   hlcache_child_context child; /**< Child context */Error   : declaration syntax errorhlcache.c line 63   };Error   : ')' expectedhlcache.c line 208   NSLOG(netsurf, INFO, "Error in callback: %d", error);Error   : illegal use of incomplete struct/union/class 'struct hlcache_retrieval_ctx'hlcache.c line 250   ctx->child.quirks) == false)Error   : illegal use of incomplete struct/union/class 'struct hlcache_retrieval_ctx'hlcache.c line 258   ctx->llcache))Error   : illegal use of incomplete struct/union/class 'struct hlcache_retrieval_ctx'hlcache.c line 269   entry->content = content_factory_create_content(ctx->llcache,Error   : illegal use of incomplete struct/union/class 'struct hlcache_retrieval_ctx'hlcache.c line 270   ctx->child.charset, ctx->child.quirks,Error   : ';' expectedhlcache.c line 271   effective_type);Error   : illegal use of incomplete struct/union/class 'struct hlcache_retrieval_ctx'hlcache.c line 290   llcache_handle_release(ctx->llcache);Error   : illegal use of incomplete struct/union/class 'struct hlcache_retrieval_ctx'hlcache.c line 296   hlcache_content_callback, ctx->handle) == false)Error   : illegal use of incomplete struct/union/class 'struct hlcache_retrieval_ctx'hlcache.c line 300   ctx->handle->entry = entry;Error   : illegal use of incomplete struct/union/class 'struct hlcache_retrieval_ctx'hlcache.c line 303   if (ctx->handle->cb != NULL) {Error   : ';' expectedhlcache.c line 304   content_status status = content_get_status(ctx->handle);Error   : undefined identifier 'status'hlcache.c line 306   if (status == CONTENT_STATUS_LOADING) {Error   : illegal use of incomplete struct/union/class 'struct hlcache_retrieval_ctx'hlcache.c line 308   ctx->handle->cb(ctx->handle, &event, ctx->handle->pw);Error   : undefined identifier 'status'hlcache.c line 309   } else if (status == CONTENT_STATUS_READY) {Error   : illegal use of incomplete struct/union/class 'struct hlcache_retrieval_ctx'hlcache.c line 311   ctx->handle->cb(ctx->handle, &event, ctx->handle->pw);Error   : illegal use of incomplete struct/union/class 'struct hlcache_retrieval_ctx'hlcache.c line 313   if (ctx->handle->cb != NULL) {Error   : ';' expectedhlcache.c line 314   event.type = CONTENT_MSG_READY;Error   : illegal use of incomplete struct/union/class 'struct hlcache_retrieval_ctx'hlcache.c line 315   ctx->handle->cb(ctx->handle, &event,Error   : illegal use of incomplete struct/union/class 'struct hlcache_retrieval_ctx'hlcache.c line 316   ctx->handle->pw);Error   : declaration syntax errorhlcache.c line 318   } else if (status == CONTENT_STATUS_DONE) {Error   : declaration syntax errorhlcache.c line 319   event.type = CONTENT_MSG_LOADING;Error   : declaration syntax errorhlcache.c line 320   ctx->handle->cb(ctx->handle, &event, ctx->handle->pw);Error   : identifier expectedhlcache.c line 322   if (ctx->handle->cb != NULL) {Error   : illegal function definitionhlcache.c line 323   event.type = CONTENT_MSG_READY;Error   : object 'ctx' redefinedhlcache.c line 324   ctx->handle->cb(ctx->handle, &event,Error   : object 'ctx' redefinedhlcache.c line 325   ctx->handle->pw);Error   : identifier expectedhlcache.c line 326   }Error   : ')' expectedhlcache.c line 328   if (ctx->handle->cb != NULL) {Error   : illegal function definitionhlcache.c line 329   event.type = CONTENT_MSG_DONE;Error   : object 'ctx' redefinedhlcache.c line 330   ctx->handle->cb(ctx->handle, &event,Error   : object 'ctx' redefinedhlcache.c line 331   ctx->handle->pw);Error   : identifier expectedhlcache.c line 332   }Error   : identifier expectedhlcache.c line 333   }Error   : identifier expectedhlcache.c line 334   }Error   : illegal function definitionhlcache.c line 336   return error;Error   : identifier expectedhlcache.c line 337   }Error   : illegal function definitionhlcache.c line 350   {Error   : illegal function definitionhlcache.c line 351   content_type type = CONTENT_NONE;Error   : illegal function definitionhlcache.c line 352   nserror error = NSERROR_OK;Error   : object 'ctx' redefinedhlcache.c line 354   ctx->migrate_target = true;Error   : identifier expectedhlcache.c line 356   if ((effective_type != NULL) &&Error   : ')' expectedhlcache.c line 358   ctx->accepted_types,Error   : ';' expectedhlcache.c line 359   &type)) {Error   : illegal function definitionhlcache.c line 360   error = hlcache_find_content(ctx, effective_type);Error   : identifier expectedhlcache.c line 361   if (error != NSERROR_OK && error != NSERROR_NEED_DATA) {Error   : identifier expectedhlcache.c line 362   if (ctx->handle->cb != NULL) {Error   : illegal function definitionhlcache.c line 363   hlcache_event hlevent;Error   : illegal function definitionhlcache.c line 365   hlevent.type = CONTENT_MSG_ERROR;Error   : illegal function definitionhlcache.c line 366   hlevent.data.errordata.errorcode = NSERROR_UNKNOWN;Error   : illegal function definitionhlcache.c line 367   hlevent.data.errordata.errormsg = messages_get("MiscError");Error   : object 'ctx' redefinedhlcache.c line 369   ctx->handle->cb(ctx->handle, &hlevent,Error   : object 'ctx' redefinedhlcache.c line 370   ctx->handle->pw);Error   : identifier expectedhlcache.c line 371   }Error   : ')' expectedhlcache.c line 373   llcache_handle_abort(ctx->llcache);Error   : ')' expectedhlcache.c line 374   llcache_handle_release(ctx->llcache);Error   : identifier expectedhlcache.c line 375   }Error   : identifier expectedhlcache.c line 376   } else if (type == CONTENT_NONE &&Error   : ')' expectedhlcache.c line 377   (ctx->flags & HLCACHE_RETRIEVE_MAY_DOWNLOAD)) {Error   : ')' expectedhlcache.c line 379   llcache_handle_force_stream(ctx->llcache);Error   : identifier expectedhlcache.c line 381   if (ctx->handle->cb != NULL) {Error   : illegal function definitionhlcache.c line 382   hlcache_event hlevent;Error   : illegal function definitionhlcache.c line 384   hlevent.type = CONTENT_MSG_DOWNLOAD;Error   : illegal function definitionhlcache.c line 385   hlevent.data.download = ctx->llcache;Error   : object 'ctx' redefinedhlcache.c line 387   ctx->handle->cb(ctx->handle, &hlevent,Error   : object 'ctx' redefinedhlcache.c line 388   ctx->handle->pw);Error   : macro 'O_RDWR' redefined(included from: macsurf_prefix.h:35 llcache.c:1)fcntl.h line 15   #define O_RDWR   0x1   /* open the file in read/write mode */ /*- mm 980420 -*/Error   : macro 'O_RDONLY' redefined(included from: macsurf_prefix.h:35 llcache.c:1)fcntl.h line 16   #define O_RDONLY  0x2   /* open the file in read only mode */ /*- mm 980420 -*/Error   : macro 'O_WRONLY' redefined(included from: macsurf_prefix.h:35 llcache.c:1)fcntl.h line 17   #define O_WRONLY  0x4   /* open the file in write only mode */ /*- mm 980420 -*/Error   : macro 'O_TRUNC' redefined(included from: macsurf_prefix.h:35 llcache.c:1)fcntl.h line 21   #define O_TRUNC   0x0800  /* truncate the file after opening it */Error   : ')' expectedllcache.c line 311   "Created user %p (%p, %p, %p)", u, h, (void *) cb, pw);Error   : ';' expectedllcache.c line 311   "Created user %p (%p, %p, %p)", u, h, (void *) cb, pw);Error   : ')' expectedllcache.c line 328   NSLOG(llcache, DEBUG, "Destroyed user %p", user);Error   : ')' expectedllcache.c line 372   NSLOG(llcache, DEBUG, "Removing user %p from %p", user, object);Error   : ')' expectedllcache.c line 429   NSLOG(llcache, DEBUG, "Created object %p (%s)", obj, nsurl_access(url));Error   : ';' expectedllcache.c line 429   NSLOG(llcache, DEBUG, "Created object %p (%s)", obj, nsurl_access(url));Error   : ')' expectedllcache.c line 649   "Processing Date header value \"%s\" returned %d",Error   : ';' expectedllcache.c line 650   value, res);Error   : ')' expectedllcache.c line 672   "Processing Expires header value \"%s\" returned %d",Error   : ';' expectedllcache.c line 673   value, res);Error   : ')' expectedllcache.c line 979   NSLOG(llcache, DEBUG, "Re-fetching %p", object);Error   : ';' expectedllcache.c line 979   NSLOG(llcache, DEBUG, "Re-fetching %p", object);Error   : ')' expectedllcache.c line 1027   NSLOG(llcache, DEBUG, "Starting fetch for %p", object);Error   : ')' expectedllcache.c line 1062   NSLOG(llcache, DEBUG, "Destroying object %p, %s", object,Error   : ';' expectedllcache.c line 1063   nsurl_access(object->url));Error   : ')' expectedllcache.c line 1157   NSLOG(llcache, DEBUG, "%d:%d", freshness_lifetime, current_age);Error   : ')' expectedllcache.c line 1186   NSLOG(llcache, DEBUG, "%p: (%d > 0 || %d != %d)", object,Error   : ';' expectedllcache.c line 1188   object->fetch.state, LLCACHE_FETCH_COMPLETE);Error   : ')' expectedllcache.c line 1497   NSLOG(llcache, DEBUG, "Filled buffer with %d spare", datasize);Error   : ')' expectedllcache.c line 1596   NSLOG(llcache, INFO, "Got metadata for %s instead of %s",Error   : ';' expectedllcache.c line 1597   nsurl_access(metadataurl), nsurl_access(object->url));Error   : ')' expectedllcache.c line 1767   "metadata error on line %d error code %d\n",Error   : ';' expectedllcache.c line 1768   line, res);Error   : ')' expectedllcache.c line 1926   "Searching cache for %s flags:%"PRIx32" referer:%s post:%p",Error   : ';' expectedllcache.c line 1929   post);Error   : ')' expectedllcache.c line 1973   NSLOG(llcache, DEBUG, "Found fresh %p", newest);Error   : ')' expectedllcache.c line 1994   NSLOG(llcache, DEBUG, "Persistent retrieval failed for %p", newest);Error   : ')' expectedllcache.c line 2015   NSLOG(llcache, DEBUG, "Found candidate %p (%p)", obj, newest);Error   : ';' expectedllcache.c line 2015   NSLOG(llcache, DEBUG, "Found candidate %p (%p)", obj, newest);Error   : ')' expectedllcache.c line 2045   NSLOG(llcache, DEBUG, "Persistent retrieval failed for %p", newest);Error   : ')' expectedllcache.c line 2103   NSLOG(llcache, DEBUG, "Retrieve %s (%"PRIx32", %s, %p)", nsurl_access(url), flags,Error   : ';' expectedllcache.c line 2104   referer==NULL?"":nsurl_access(referer), post);Error   : ')' expectedllcache.c line 2154   NSLOG(llcache, DEBUG, "Retrieved %p", obj);Error   : ')' expectedllcache.c line 2187   NSLOG(llcache, DEBUG, "Adding user %p to %p", user, object);Error   : ';' expectedllcache.c line 2187   NSLOG(llcache, DEBUG, "Adding user %p to %p", user, object);Error   : illegal implicit conversion from 'bool *' to'unsigned char *'llcache.c line 2209   &match) != lwc_error_ok || match == false) {Error   : illegal implicit conversion from 'bool *' to'unsigned char *'llcache.c line 2212   &match) == lwc_error_ok && match) {Error   : illegal implicit conversion from 'bool *' to'unsigned char *'llcache.c line 2254   &match) != lwc_error_ok || match == false) {Error   : ')' expectedllcache.c line 2411   NSLOG(llcache, INFO, "unsupported redirect %d", http_code);Error   : illegal implicit conversion from 'unsigned long long *' to'unsigned long *'llcache.c line 2885   nsu_getmonotonic_ms(&startms);Error   : illegal implicit conversion from 'unsigned long long *' to'unsigned long *'llcache.c line 2918   nsu_getmonotonic_ms(&endms);Error   : ')' expectedllcache.c line 2961   "Current bandwidth %"PRIu64" less than minimum %"PRIsizet,Error   : ';' expectedllcache.c line 2963   llcache->minimum_bandwidth);Error   : ')' expectedllcache.c line 3012   "Wrote %"PRIsizet" bytes in %lums bw:%lu %s",Error   : ';' expectedllcache.c line 3014   nsurl_access(lst[idx]->url) );Error   : ')' expectedllcache.c line 3080   "writeout size:%"PRIsizet" time:%lu bandwidth:%lubytes/s",Error   : ';' expectedllcache.c line 3081   total_written, total_elapsed, total_bandwidth);Error   : ')' expectedllcache.c line 3083   NSLOG(llcache, DEBUG, "Rescheduling writeout in %dms", next);Error   : ';' expectedllcache.c line 3083   NSLOG(llcache, DEBUG, "Rescheduling writeout in %dms", next);Error   : ')' expectedllcache.c line 3107   NSLOG(llcache, DEBUG, "Fetch event %d for %p", msg->type, object);Error   : ')' expectedllcache.c line 3232   "Unable to duplicate cert chain into cache: %s",Error   : ';' expectedllcache.c line 3233   messages_get_errorcode(error));Error   : ')' expectedllcache.c line 3424   "Notifying users of %p",Error   : ';' expectedllcache.c line 3425   object);Error   : ')' expectedllcache.c line 3430   "User %p state: %d Object state: %d",Error   : ';' expectedllcache.c line 3433   objstate);Error   : ')' expectedllcache.c line 3793   NSLOG(llcache, DEBUG, "Discarding uncachable object with no users (%p) %s",Error   : ';' expectedllcache.c line 3794   object, nsurl_access(object->url));Error   : ')' expectedllcache.c line 3820   "users or pending fetches (%p) %s",Error   : ';' expectedllcache.c line 3821   object, nsurl_access(object->url));Error   : ')' expectedllcache.c line 3865   "Freeing source data for %p len:%"PRIsizet,Error   : ';' expectedllcache.c line 3866   object, object->source_len);Error   : ')' expectedllcache.c line 3884   "discarding backed object len:%"PRIsizet" age:%ld (%p) %s",Error   : ';' expectedllcache.c line 3888   nsurl_access(object->url));Error   : ')' expectedllcache.c line 3914   "discarding fresh object len:%"PRIsizet" age:%ld (%p) %s",Error   : ';' expectedllcache.c line 3918   nsurl_access(object->url));Error   : ')' expectedllcache.c line 3928   NSLOG(llcache, DEBUG, "Size: %"PRIu32" (limit: %"PRIu32")", llcache_size, limit);Error   : ')' expectedllcache.c line 3949   "llcache initialising with a limit of %"PRIu32" bytes",Error   : ';' expectedllcache.c line 3950   llcache->limit);Error   : ')' expectedllcache.c line 4019   store wrote %"PRIu64" bytes in %"PRIu64" ms ""(average %"PRIu64" bytes/second)",Error   : ';' expectedllcache.c line 4022   total_bandwidth);Error   : macro 'O_RDWR' redefined(included from: macsurf_prefix.h:35 mimesniff.c:1)fcntl.h line 15   #define O_RDWR   0x1   /* open the file in read/write mode */ /*- mm 980420 -*/Error   : macro 'O_RDONLY' redefined(included from: macsurf_prefix.h:35 mimesniff.c:1)fcntl.h line 16   #define O_RDONLY  0x2   /* open the file in read only mode */ /*- mm 980420 -*/Error   : macro 'O_WRONLY' redefined(included from: macsurf_prefix.h:35 mimesniff.c:1)fcntl.h line 17   #define O_WRONLY  0x4   /* open the file in write only mode */ /*- mm 980420 -*/Error   : macro 'O_TRUNC' redefined(included from: macsurf_prefix.h:35 mimesniff.c:1)fcntl.h line 21   #define O_TRUNC   0x0800  /* truncate the file after opening it */Error   : illegal implicit conversion from 'bool *' to'unsigned char *'mimesniff.c line 618   &match) == lwc_error_ok && match) {Error   : illegal implicit conversion from 'bool *' to'unsigned char *'mimesniff.c line 647   &match) == lwc_error_ok && match) ||Error   : illegal implicit conversion from 'bool *' to'unsigned char *'mimesniff.c line 650   &match) == lwc_error_ok && match) ||Error   : illegal implicit conversion from 'bool *' to'unsigned char *'mimesniff.c line 653   &match) == lwc_error_ok && match)) {Error   : illegal implicit conversion from 'bool *' to'unsigned char *'mimesniff.c line 673   &match) == lwc_error_ok && match) ||Error   : illegal implicit conversion from 'bool *' to'unsigned char *'mimesniff.c line 676   &match) == lwc_error_ok && match)) {Error   : illegal implicit conversion from 'bool *' to'unsigned char *'mimesniff.c line 695   &match) == lwc_error_ok && match)) {Error   : macro 'O_RDWR' redefined(included from: macsurf_prefix.h:35 no_backing_store.c:1)fcntl.h line 15   #define O_RDWR   0x1   /* open the file in read/write mode */ /*- mm 980420 -*/Error   : macro 'O_RDONLY' redefined(included from: macsurf_prefix.h:35 no_backing_store.c:1)fcntl.h line 16   #define O_RDONLY  0x2   /* open the file in read only mode */ /*- mm 980420 -*/Error   : macro 'O_WRONLY' redefined(included from: macsurf_prefix.h:35 no_backing_store.c:1)fcntl.h line 17   #define O_WRONLY  0x4   /* open the file in write only mode */ /*- mm 980420 -*/Error   : macro 'O_TRUNC' redefined(included from: macsurf_prefix.h:35 no_backing_store.c:1)fcntl.h line 21   #define O_TRUNC   0x0800  /* truncate the file after opening it */Error   : declaration syntax errornsurl.h line 269   uint32_t nsurl_hash(const nsurl *url);Error   : illegal name overloading(included from: stdint.h:23 llcache.h:28 backing_store.h:27 no_backing_store.c:25)cstdint line 47   typedef unsigned long int   uint32_t;Error   : illegal name overloading(included from: stdint.h:23 llcache.h:28 backing_store.h:27 no_backing_store.c:25)cstdint line 101   typedef uint32_t uintptr_t;Error   : declaration syntax error(included from: backing_store.h:27 no_backing_store.c:25)llcache.h line 151   uint32_t fetch_attempts;Error   : declaration syntax error(included from: backing_store.h:27 no_backing_store.c:25)llcache.h line 154   };Error   : illegal function definition(included from: backing_store.h:27 no_backing_store.c:25)llcache.h line 192   nserror llcache_handle_retrieve(nsurl *url, uint32_t flags,Error   : illegal name overloading(included from: backing_store.h:27 no_backing_store.c:25)llcache.h line 193   nsurl *referer, const llcache_post_data *post,Error   : illegal name overloading(included from: backing_store.h:27 no_backing_store.c:25)llcache.h line 194   llcache_handle_callback cb, void *pw,Error   : illegal name overloading(included from: backing_store.h:27 no_backing_store.c:25)llcache.h line 195   llcache_handle **result);Error   : identifier 'store' redeclaredwas declared as: 'struct llcache_store_parameters'now declared as: '@enum$42no_backing_store_c (struct nsurl *, backing_store_flags, unsigned char *, const unsigned long)'no_backing_store.c line 43   {Error   : declaration syntax errorno_backing_store.c line 44   return NSERROR_SAVE_FAILED;Error   : declaration syntax errorno_backing_store.c line 45   }Error   : illegal implicit conversion from 'struct llcache_store_parameters' to'@enum$42no_backing_store_c (*)(struct nsurl *, backing_store_flags, unsigned char *, const unsigned long)'no_backing_store.c line 80   .store = store, Error   : macro 'O_RDWR' redefined(included from: macsurf_prefix.h:35 urldb.c:1)fcntl.h line 15   #define O_RDWR   0x1   /* open the file in read/write mode */ /*- mm 980420 -*/Error   : macro 'O_RDONLY' redefined(included from: macsurf_prefix.h:35 urldb.c:1)fcntl.h line 16   #define O_RDONLY  0x2   /* open the file in read only mode */ /*- mm 980420 -*/Error   : macro 'O_WRONLY' redefined(included from: macsurf_prefix.h:35 urldb.c:1)fcntl.h line 17   #define O_WRONLY  0x4   /* open the file in write only mode */ /*- mm 980420 -*/Error   : macro 'O_TRUNC' redefined(included from: macsurf_prefix.h:35 urldb.c:1)fcntl.h line 21   #define O_TRUNC   0x0800  /* truncate the file after opening it */Error   : ')' expectedurldb.c line 684   NSLOG(netsurf, INFO, "WARNING: called with non-host '%s'",Error   : ';' expectedurldb.c line 685   host);Error   : ')' expectedurldb.c line 1315   NSLOG(netsurf, INFO, "path is %s", path);Error   : ')' expectedurldb.c line 1445   NSLOG(netsurf, INFO, "\t%s : %u",Error   : ';' expectedurldb.c line 1446   lwc_string_data(p->scheme), p->port);Error   : ')' expectedurldb.c line 1448   NSLOG(netsurf, INFO, "\t\t'%s'", p->segment);Error   : ';' expectedurldb.c line 1448   NSLOG(netsurf, INFO, "\t\t'%s'", p->segment);Error   : ')' expectedurldb.c line 1451   NSLOG(netsurf, INFO, "\t\t\t#%s",Error   : ';' expectedurldb.c line 1452   p->fragment[i]);Error   : ')' expectedurldb.c line 1482   NSLOG(netsurf, INFO, "%s", parent->part);Error   : ')' expectedurldb.c line 1484   NSLOG(netsurf, INFO, "\t%s invalid SSL certs",Error   : ';' expectedurldb.c line 1485   parent->permit_invalid_certs ? "Permits" : "Denies");Error   : ')' expectedurldb.c line 1540   NSLOG(netsurf, INFO, "%s", s);Error   : ';' expectedurldb.c line 1540   NSLOG(netsurf, INFO, "%s", s);Error   : expression syntax errorurldb.c line 2654   char *temp = realloc(ret, ret_used);Error   : undefined identifier 'temp'urldb.c line 2655   if (temp != NULL) {Error   : undefined identifier 'temp'urldb.c line 2656   ret = temp;Error   : expression syntax errorurldb.c line 2700   char *temp = realloc(ret, ret_used);Error   : undefined identifier 'temp'urldb.c line 2701   if (temp != NULL) {Error   : undefined identifier 'temp'urldb.c line 2702   ret = temp;Error   : ')' expectedurldb.c line 3068   NSLOG(netsurf, INFO, "Loading URL file %s", filename);Error   : ';' expectedurldb.c line 3068   NSLOG(netsurf, INFO, "Loading URL file %s", filename);Error   : ')' expectedurldb.c line 3075   NSLOG(netsurf, INFO, "Failed to open file '%s' for reading",Error   : ';' expectedurldb.c line 3076   filename);Error   : ')' expectedurldb.c line 3130   NSLOG(netsurf, INFO, "Failed adding host: '%s'", host);Error   : ')' expectedurldb.c line 3144   NSLOG(netsurf, INFO, "No URLs for '%s'", host);Error   : ')' expectedurldb.c line 3194   NSLOG(netsurf, INFO, "Failed inserting '%s'",Error   : ';' expectedurldb.c line 3195   url);Error   : ')' expectedurldb.c line 3208   NSLOG(netsurf, INFO, "Failed inserting '%s'",Error   : ';' expectedurldb.c line 3209   url);Error   : ')' expectedurldb.c line 3220   NSLOG(netsurf, INFO, "Failed inserting '%s'",Error   : ';' expectedurldb.c line 3221   url);Error   : ')' expectedurldb.c line 3280   NSLOG(netsurf, INFO, "Failed to open file '%s' for writing",Error   : ';' expectedurldb.c line 3281   filename);Error   : macro 'O_RDWR' redefined(included from: macsurf_prefix.h:35 browser.c:1)fcntl.h line 15   #define O_RDWR   0x1   /* open the file in read/write mode */ /*- mm 980420 -*/Error   : macro 'O_RDONLY' redefined(included from: macsurf_prefix.h:35 browser.c:1)fcntl.h line 16   #define O_RDONLY  0x2   /* open the file in read only mode */ /*- mm 980420 -*/Error   : macro 'O_WRONLY' redefined(included from: macsurf_prefix.h:35 browser.c:1)fcntl.h line 17   #define O_WRONLY  0x4   /* open the file in write only mode */ /*- mm 980420 -*/Error   : macro 'O_TRUNC' redefined(included from: macsurf_prefix.h:35 browser.c:1)fcntl.h line 21   #define O_TRUNC   0x0800  /* truncate the file after opening it */Error   : macro 'O_RDWR' redefined(included from: macsurf_prefix.h:35 browser_window.c:1)fcntl.h line 15   #define O_RDWR   0x1   /* open the file in read/write mode */ /*- mm 980420 -*/Error   : macro 'O_RDONLY' redefined(included from: macsurf_prefix.h:35 browser_window.c:1)fcntl.h line 16   #define O_RDONLY  0x2   /* open the file in read only mode */ /*- mm 980420 -*/Error   : macro 'O_WRONLY' redefined(included from: macsurf_prefix.h:35 browser_window.c:1)fcntl.h line 17   #define O_WRONLY  0x4   /* open the file in write only mode */ /*- mm 980420 -*/Error   : macro 'O_TRUNC' redefined(included from: macsurf_prefix.h:35 browser_window.c:1)fcntl.h line 21   #define O_TRUNC   0x0800  /* truncate the file after opening it */Error   : identifier 'content_debug' redeclared(included from: content.h:32 browser_window.c:43)content_type.h line 30   enum content_debug {Error   : illegal name overloading(included from: content.h:32 browser_window.c:43)content_type.h line 32   CONTENT_DEBUG_RENDER,Error   : illegal name overloading(included from: content.h:32 browser_window.c:43)content_type.h line 35   CONTENT_DEBUG_DOM,Error   : illegal name overloading(included from: content.h:32 browser_window.c:43)content_type.h line 39   };Error   : the file 'html/html.h' cannot be openedbrowser_window.c line 51   #include "html/html.h"Error   : the file 'html/form_internal.h' cannot be openedbrowser_window.c line 52   #include "html/form_internal.h"Error   : the file 'javascript/js.h' cannot be openedbrowser_window.c line 53   #include "javascript/js.h"Error   : ')' expectedbrowser_window.c line 345   NSLOG(netsurf, INFO, "Failed to fetch download: %d", error);Error   : ')' expectedbrowser_window.c line 350   "Failed creating download context: %d", error);Error   : illegal implicit conversion from 'bool *' to'unsigned char *'browser_window.c line 558   &match) == lwc_error_ok &&Error   : illegal implicit conversion from 'bool *' to'unsigned char *'browser_window.c line 562   &match) == lwc_error_ok &&Error   : ')' expectedbrowser_window.c line 587   "fetching general favicon from '%s'",Error   : ';' expectedbrowser_window.c line 588   nsurl_access(nsurl));Error   : ')' expectedbrowser_window.c line 591   "fetching favicon rel:%s '%s'",Error   : ';' expectedbrowser_window.c line 593   nsurl_access(nsurl));Error   : ')' expectedbrowser_window.c line 954   "Unable to set browser scroll offsets to %d by %d",Error   : ';' expectedbrowser_window.c line 955   scrollx, scrolly);Error   : illegal implicit conversion from 'bool *' to'unsigned char *'browser_window.c line 1587   &match) == lwc_error_ok && match) ||Error   : illegal implicit conversion from 'bool *' to'unsigned char *'browser_window.c line 1591   &match) == lwc_error_ok && match)) {Error   : undefined identifier 'jsthread'browser_window.c line 1604   jsthread *thread;Error   : undefined identifier 'thread'browser_window.c line 1610   &thread) == NSERROR_OK) {Error   : undefined identifier 'thread'browser_window.c line 1615   *(event->data.jsthread) = thread;Error   : illegal use of incomplete struct/union/class 'struct form_control'browser_window.c line 1753   if (event->data.select_menu.gadget->type == GADGET_SELECT) {Error   : illegal use of incomplete struct/union/class 'struct form_control'browser_window.c line 1763   if (event->data.gadget_click.gadget->type == GADGET_FILE) {Error   : ')' expectedbrowser_window.c line 1851   "Clearing reformat schedule for browser window %p", bw);Error   : ';' expectedbrowser_window.c line 1851   "Clearing reformat schedule for browser window %p", bw);Error   : ')' expectedbrowser_window.c line 1922   NSLOG(netsurf, INFO, "Status text cache match:miss %d:%d",Error   : ';' expectedbrowser_window.c line 1923   bw->status.match, bw->status.miss);Error   : illegal implicit conversion from 'unsigned long long *' to'unsigned long *'browser_window.c line 3123   nsu_getmonotonic_ms(&ret->last_action);Error   : ')' expectedbrowser_window.c line 3311   NSLOG(netsurf, INFO, "bw %p, url %s", bw, nsurl_access(url));Error   : ';' expectedbrowser_window.c line 3311   NSLOG(netsurf, INFO, "bw %p, url %s", bw, nsurl_access(url));Error   : ')' expectedbrowser_window.c line 3515   NSLOG(netsurf, INFO, "Loading '%s'", nsurl_access(params->url));Error   : illegal implicit conversion from 'unsigned long long *' to'unsigned long *'browser_window.c line 3586   nsu_getmonotonic_ms(&bw->last_action);Error   : ')' expectedbrowser_window.c line 3718   NSLOG(netsurf, INFO, "bw:%p params:%p", bw, params);Error   : ')' expectedbrowser_window.c line 3754   NSLOG(netsurf, INFO, "bw:%p params:%p", bw, params);Error   : illegal implicit conversion from 'int' to'struct content_html_object *'browser_window.c line 4133   object = html_get_objects(c, &count);Error   : illegal use of incomplete struct/union/class 'struct content_html_object'browser_window.c line 4135   for (; object != NULL; object = object->next) {Error   : illegal use of incomplete struct/union/class 'struct content_html_object'browser_window.c line 4136   if (object->content != NULL)Error   : illegal use of incomplete struct/union/class 'struct content_html_object'browser_window.c line 4137   content_invalidate_reuse_data(object->content);Error   : illegal implicit conversion from 'int' to'struct html_stylesheet *'browser_window.c line 4141   sheets = html_get_stylesheets(c, &count);Error   : undefined identifier 'STYLESHEET_START'browser_window.c line 4143   for (i = STYLESHEET_START; i != count; i++) {Error   : illegal operands 'struct html_stylesheet *' + 'unsigned int'browser_window.c line 4144   if (sheets[i].sheet != NULL) {Error   : ';' expectedbrowser_window.c line 4145   content_invalidate_reuse_data(sheets[i].sheet);Error   : ')' expectedbrowser_window.c line 4150   content_invalidate_reuse_data(bw->current_content);Error   : illegal function definitionbrowser_window.c line 4152   reload_url = hlcache_handle_get_url(bw->current_content);Error   : identifier expectedbrowser_window.c line 4154   return browser_window_navigate(bw,Error   : declaration syntax errorbrowser_window.c line 4156   0LError   : declaration syntax errorbrowser_window.c line 4158   0LError   : declaration syntax errorbrowser_window.c line 4159   0LError   : declaration syntax errorbrowser_window.c line 4160   0LError   : identifier expectedbrowser_window.c line 4161   }Error   : illegal function definitionbrowser_window.c line 4166   {Error   : illegal function definitionbrowser_window.c line 4167   int text_len;Error   : identifier expectedbrowser_window.c line 4169   while (bw->parent)Error   : identifier expectedbrowser_window.c line 4170   bw = bw->parent;Error   : identifier expectedbrowser_window.c line 4172   if ((bw->status.text != NULL) &&Error   : ')' expectedbrowser_window.c line 4173   (strcmp(text, bw->status.text) == 0)) {Error   : object 'bw' redefinedbrowser_window.c line 4175   bw->status.match++;Error   : identifier expectedbrowser_window.c line 4176   return;Error   : identifier expectedbrowser_window.c line 4177   }Error   : identifier expectedbrowser_window.c line 4181   text_len = strlen(text);Error   : identifier expectedbrowser_window.c line 4183   if ((bw->status.text == NULL) || (bw->status.text_len < text_len)) {Error   : ')' expectedbrowser_window.c line 4185   free(bw->status.text);Error   : object 'bw' redefinedbrowser_window.c line 4186   bw->status.text = strdup(text);Error   : object 'bw' redefinedbrowser_window.c line 4187   bw->status.text_len = text_len;Error   : identifier expectedbrowser_window.c line 4188   } else {Error   : pointer/array requiredbrowser_window.c line 4190   memcpy(bw->status.text, text, text_len + 1);Error   : declaration syntax errorbrowser_window.c line 4193   bw->status.miss++;Error   : declaration syntax errorbrowser_window.c line 4194   guit->window->set_status(bw->window, bw->status.text);Error   : identifier expectedbrowser_window.c line 4195   }Error   : illegal function definitionbrowser_window.c line 4201   {Error   : illegal function definitionbrowser_window.c line 4202   struct browser_window *root = browser_window_get_root(bw);Error   : illegal function definitionbrowser_window.c line 4203   gui_pointer_shape gui_shape;Error   : illegal function definitionbrowser_window.c line 4204   bool loading;Error   : illegal function definitionbrowser_window.c line 4205   uint64_t ms_now;Error   : illegal function definitionbrowser_window.c line 4207   assert(root);Error   : ')' expectedbrowser_window.c line 4208   assert(root->window);Error   : illegal function definitionbrowser_window.c line 4210   loading = ((bw->loading_content != NULL) ||Error   : ')' expectedbrowser_window.c line 4211   ((bw->current_content != NULL) &&Error   : ')' expectedbrowser_window.c line 4212   (content_get_status(bw->current_content) == CONTENT_STATUS_READY)));Error   : declaration syntax errorbrowser_window.c line 4214   nsu_getmonotonic_ms(&ms_now);Error   : identifier expectedbrowser_window.c line 4216   if (loading && ((ms_now - bw->last_action) < 1000)) {Error   : illegal function definitionbrowser_window.c line 4219   gui_shape = GUI_POINTER_PROGRESS;Error   : identifier expectedbrowser_window.c line 4221   } else if (shape == BROWSER_POINTER_AUTO) {Error   : identifier expectedbrowser_window.c line 4223   if (loading) {Error   : illegal function definitionbrowser_window.c line 4224   gui_shape = GUI_POINTER_PROGRESS;Error   : identifier expectedbrowser_window.c line 4225   } else {Error   : undefined identifier 'gui_shape'browser_window.c line 4226   gui_shape = GUI_POINTER_DEFAULT;Error   : declaration syntax errorbrowser_window.c line 4229   } else {Error   : declaration syntax errorbrowser_window.c line 4231   gui_shape = (gui_pointer_shape)shape;Error   : declaration syntax errorbrowser_window.c line 4232   }Error   : declaration syntax errorbrowser_window.c line 4234   guit->window->set_pointer(root->window, gui_shape);Error   : identifier expectedbrowser_window.c line 4235   }Error   : illegal function definitionbrowser_window.c line 4240   {Error   : identifier expectedbrowser_window.c line 4241   if (bw->window == NULL) {Error   : identifier expectedbrowser_window.c line 4242   return NSERROR_BAD_PARAMETER;Error   : macro 'O_RDWR' redefined(included from: macsurf_prefix.h:35 gui_factory.c:1)fcntl.h line 15   #define O_RDWR   0x1   /* open the file in read/write mode */ /*- mm 980420 -*/Error   : macro 'O_RDONLY' redefined(included from: macsurf_prefix.h:35 gui_factory.c:1)fcntl.h line 16   #define O_RDONLY  0x2   /* open the file in read only mode */ /*- mm 980420 -*/Error   : macro 'O_WRONLY' redefined(included from: macsurf_prefix.h:35 gui_factory.c:1)fcntl.h line 17   #define O_WRONLY  0x4   /* open the file in write only mode */ /*- mm 980420 -*/Error   : macro 'O_TRUNC' redefined(included from: macsurf_prefix.h:35 gui_factory.c:1)fcntl.h line 21   #define O_TRUNC   0x0800  /* truncate the file after opening it */Error   : macro 'O_RDWR' redefined(included from: macsurf_prefix.h:35 netsurf.c:1)fcntl.h line 15   #define O_RDWR   0x1   /* open the file in read/write mode */ /*- mm 980420 -*/Error   : macro 'O_RDONLY' redefined(included from: macsurf_prefix.h:35 netsurf.c:1)fcntl.h line 16   #define O_RDONLY  0x2   /* open the file in read only mode */ /*- mm 980420 -*/Error   : macro 'O_WRONLY' redefined(included from: macsurf_prefix.h:35 netsurf.c:1)fcntl.h line 17   #define O_WRONLY  0x4   /* open the file in write only mode */ /*- mm 980420 -*/Error   : macro 'O_TRUNC' redefined(included from: macsurf_prefix.h:35 netsurf.c:1)fcntl.h line 21   #define O_TRUNC   0x0800  /* truncate the file after opening it */Error   : the file 'css/css.h' cannot be openednetsurf.c line 45   #include "css/css.h"Error   : the file 'image/image.h' cannot be openednetsurf.c line 46   #include "image/image.h"Error   : the file 'image/image_cache.h' cannot be openednetsurf.c line 47   #include "image/image_cache.h"Error   : the file 'javascript/js.h' cannot be openednetsurf.c line 48   #include "javascript/js.h"Error   : the file 'html/html.h' cannot be openednetsurf.c line 49   #include "html/html.h"Error   : the file 'text/textplain.h' cannot be openednetsurf.c line 50   #include "text/textplain.h"Error   : identifier 'content_debug' redeclaredbrowser_window.h line 46   enum content_debug {Error   : illegal name overloadingbrowser_window.h line 48   CONTENT_DEBUG_RENDER,Error   : illegal name overloadingbrowser_window.h line 51   CONTENT_DEBUG_DOM,Error   : illegal name overloadingbrowser_window.h line 55   };Error   : ')' expectednetsurf.c line 102   NSLOG(netsurf, WARNING, "[%3"PRIu32"] %.*s", str->refcnt,Error   : ';' expectednetsurf.c line 103   (int)lwc_string_length(str), lwc_string_data(str));Error   : data type is incompletenetsurf.c line 122   };Error   : ')' expectednetsurf.c line 150   "Setting minimum memory cache size %"PRIsizet,Error   : ';' expectednetsurf.c line 151   hlcache_parameters.llcache.limit);Error   : illegal use of incomplete struct/union/class 'struct image_cache_parameters'netsurf.c line 158   image_cache_parameters.limit = hlcache_parameters.llcache.limit / 4;Error   : illegal use of incomplete struct/union/class 'struct image_cache_parameters'netsurf.c line 161   image_cache_parameters.hysteresis = image_cache_parameters.limit / 5;Error   : illegal use of incomplete struct/union/class 'struct image_cache_parameters'netsurf.c line 164   hlcache_parameters.llcache.limit -= image_cache_parameters.limit;Error   : macro 'O_RDWR' redefined(included from: macsurf_prefix.h:35 plot_style.c:1)fcntl.h line 15   #define O_RDWR   0x1   /* open the file in read/write mode */ /*- mm 980420 -*/Error   : macro 'O_RDONLY' redefined(included from: macsurf_prefix.h:35 plot_style.c:1)fcntl.h line 16   #define O_RDONLY  0x2   /* open the file in read only mode */ /*- mm 980420 -*/Error   : macro 'O_WRONLY' redefined(included from: macsurf_prefix.h:35 plot_style.c:1)fcntl.h line 17   #define O_WRONLY  0x4   /* open the file in write only mode */ /*- mm 980420 -*/Error   : macro 'O_TRUNC' redefined(included from: macsurf_prefix.h:35 plot_style.c:1)fcntl.h line 21   #define O_TRUNC   0x0800  /* truncate the file after opening it */Error   : macro 'O_RDWR' redefined(included from: macsurf_prefix.h:35 file.c:1)fcntl.h line 15   #define O_RDWR   0x1   /* open the file in read/write mode */ /*- mm 980420 -*/Error   : macro 'O_RDONLY' redefined(included from: macsurf_prefix.h:35 file.c:1)fcntl.h line 16   #define O_RDONLY  0x2   /* open the file in read only mode */ /*- mm 980420 -*/Error   : macro 'O_WRONLY' redefined(included from: macsurf_prefix.h:35 file.c:1)fcntl.h line 17   #define O_WRONLY  0x4   /* open the file in write only mode */ /*- mm 980420 -*/Error   : macro 'O_TRUNC' redefined(included from: macsurf_prefix.h:35 file.c:1)fcntl.h line 21   #define O_TRUNC   0x0800  /* truncate the file after opening it */Error   : macro 'S_IFDIR' redefinedstat.h line 16   #define S_IFDIR        0x4000         /* directory */Error   : macro 'S_IFREG' redefinedstat.h line 20   #define S_IFREG        0x8000         /* regular */Error   : macro 'S_ISDIR' redefinedstat.h line 27   #define S_ISDIR(m) (((m)&(S_IFMT)) == (S_IFDIR))Error   : macro 'S_ISREG' redefinedstat.h line 29   #define S_ISREG(m) (((m)&(S_IFMT)) == (S_IFREG))Error   : macro 'S_IRWXU' redefinedstat.h line 36   #define S_IRWXU 0x0E00  /* Permissions for file owner class */ /*- mm 990107 -*/Error   : macro 'S_IRUSR' redefinedstat.h line 37   #define  S_IRUSR 0x0800 /* Read permission file owner class */ /*- mm 990107 -*/Error   : macro 'S_IWUSR' redefinedstat.h line 38   #define  S_IWUSR 0x0400 /* writ permission file owner class */ /*- mm 990107 -*/Error   : macro 'S_IXUSR' redefinedstat.h line 39   #define  S_IXUSR 0x0200 /* exec permission file owner class */ /*- mm 990107 -*/Error   : struct/union/enum/class tag 'stat' redefinedstat.h line 89   {Error   : declaration syntax errornsurl.h line 269   uint32_t nsurl_hash(const nsurl *url);Error   : macro 'O_RDWR' redefined(included from: macsurf_prefix.h:35 filepath.c:1)fcntl.h line 15   #define O_RDWR   0x1   /* open the file in read/write mode */ /*- mm 980420 -*/Error   : macro 'O_RDONLY' redefined(included from: macsurf_prefix.h:35 filepath.c:1)fcntl.h line 16   #define O_RDONLY  0x2   /* open the file in read only mode */ /*- mm 980420 -*/Error   : macro 'O_WRONLY' redefined(included from: macsurf_prefix.h:35 filepath.c:1)fcntl.h line 17   #define O_WRONLY  0x4   /* open the file in write only mode */ /*- mm 980420 -*/Error   : macro 'O_TRUNC' redefined(included from: macsurf_prefix.h:35 filepath.c:1)fcntl.h line 21   #define O_TRUNC   0x0800  /* truncate the file after opening it */Error   : macro 'S_IFDIR' redefinedstat.h line 16   #define S_IFDIR        0x4000         /* directory */Error   : macro 'S_IFREG' redefinedstat.h line 20   #define S_IFREG        0x8000         /* regular */Error   : macro 'S_ISDIR' redefinedstat.h line 27   #define S_ISDIR(m) (((m)&(S_IFMT)) == (S_IFDIR))Error   : macro 'S_ISREG' redefinedstat.h line 29   #define S_ISREG(m) (((m)&(S_IFMT)) == (S_IFREG))Error   : macro 'S_IRWXU' redefinedstat.h line 36   #define S_IRWXU 0x0E00  /* Permissions for file owner class */ /*- mm 990107 -*/Error   : macro 'S_IRUSR' redefinedstat.h line 37   #define  S_IRUSR 0x0800 /* Read permission file owner class */ /*- mm 990107 -*/Error   : macro 'S_IWUSR' redefinedstat.h line 38   #define  S_IWUSR 0x0400 /* writ permission file owner class */ /*- mm 990107 -*/Error   : macro 'S_IXUSR' redefinedstat.h line 39   #define  S_IXUSR 0x0200 /* exec permission file owner class */ /*- mm 990107 -*/Error   : struct/union/enum/class tag 'stat' redefinedstat.h line 89   {Error   : macro 'O_RDWR' redefined(included from: macsurf_prefix.h:35 log.c:1)fcntl.h line 15   #define O_RDWR   0x1   /* open the file in read/write mode */ /*- mm 980420 -*/Error   : macro 'O_RDONLY' redefined(included from: macsurf_prefix.h:35 log.c:1)fcntl.h line 16   #define O_RDONLY  0x2   /* open the file in read only mode */ /*- mm 980420 -*/Error   : macro 'O_WRONLY' redefined(included from: macsurf_prefix.h:35 log.c:1)fcntl.h line 17   #define O_WRONLY  0x4   /* open the file in write only mode */ /*- mm 980420 -*/Error   : macro 'O_TRUNC' redefined(included from: macsurf_prefix.h:35 log.c:1)fcntl.h line 21   #define O_TRUNC   0x0800  /* truncate the file after opening it */Error   : ')' expectedlog.c line 190   nserror nslog_init(nslog_ensure_t *ensure, int *pargc, char **argv)Error   : ';' expectedlog.c line 191   {Error   : illegal function definitionlog.c line 192   struct utsname utsname;Error   : illegal function definitionlog.c line 193   nserror ret = NSERROR_OK;Error   : identifier expectedlog.c line 195   if (((*pargc) > 1) &&Error   : illegal constant expressionlog.c line 196   (argv[1][0] == '-') &&Error   : ')' expectedlog.c line 197   (argv[1][1] == 'v') &&Error   : ')' expectedlog.c line 198   (argv[1][2] == 0)) {Error   : illegal function definitionlog.c line 199   int argcmv;Error   : illegal function definitionlog.c line 202   logfile = stderr;Error   : identifier expectedlog.c line 205   for (argcmv = 2; argcmv < (*pargc); argcmv++) {Error   : undefined identifier 'argcmv'log.c line 206   argv[argcmv - 1] = argv[argcmv];Error   : identifier expectedlog.c line 207   }Error   : illegal function definitionlog.c line 208   (*pargc)--;Error   : illegal function definitionlog.c line 211   verbose_log = true;Error   : identifier expectedlog.c line 212   } else if (((*pargc) > 2) &&Error   : illegal constant expressionlog.c line 213   (argv[1][0] == '-') &&Error   : ')' expectedlog.c line 214   (argv[1][1] == 'V') &&Error   : ')' expectedlog.c line 215   (argv[1][2] == 0)) {Error   : illegal function definitionlog.c line 216   int argcmv;Error   : illegal function definitionlog.c line 219   logfile = fopen(argv[2], "a+");Error   : identifier expectedlog.c line 222   for (argcmv = 3; argcmv < (*pargc); argcmv++) {Error   : undefined identifier 'argcmv'log.c line 223   argv[argcmv - 2] = argv[argcmv];Error   : identifier expectedlog.c line 224   }Error   : illegal function definitionlog.c line 225   (*pargc) -= 2;Error   : identifier expectedlog.c line 227   if (logfile == NULL) {Error   : illegal function definitionlog.c line 229   ret = NSERROR_NOT_FOUND;Error   : illegal function definitionlog.c line 230   verbose_log = false;Error   : identifier expectedlog.c line 231   } else {Error   : declaration syntax errorlog.c line 236   } else {Error   : declaration syntax errorlog.c line 238   logfile = stderr;Error   : declaration syntax errorlog.c line 239   }Error   : declaration syntax errorlog.c line 242   if ((verbose_log == true) &&Error   : ')' expectedlog.c line 243   (ensure != NULL) &&Error   : ')' expectedlog.c line 244   (ensure(logfile) == false)) {Error   : declaration syntax errorlog.c line 246   ret = NSERROR_INIT_FAILED;Error   : declaration syntax errorlog.c line 247   verbose_log = false;Error   : declaration syntax errorlog.c line 248   }Error   : declaration syntax errorlog.c line 268   if (ret == NSERROR_OK) {Error   : declaration syntax errorlog.c line 269   nslog_log(__FILE__, "", __LINE__, "NetSurf version '%s'", netsurf_version);Error   : identifier expectedlog.c line 270   if (uname(&utsname) < 0) {Error   : identifier expectedlog.c line 272   do { if (NSLOG_LEVEL_INFO >=    NSLOG_LEVEL_INFO) { nslog_log( "log.c", "",  272, "Failed to extract machine information"); } Error   : declaration syntax errorlog.c line 272   { nslog_log( "log.c", "",  272, "Failed to extract machine information"); } } while(0)Error   : declaration syntax errorlog.c line 273   } else {Error   : declaration syntax errorlog.c line 274   nslog_log(__FILE__, "", __LINE__,Error   : declaration syntax errorlog.c line 275   "NetSurf on <%s>, node <%s>, release <%s>, version <%s>, machine <%s>",Error   : ')' expectedlog.c line 276   utsname.sysname,Error   : ';' expectedlog.c line 277   utsname.nodename,Error   : object 'utsname' redefinedlog.c line 278   utsname.release,Error   : object 'utsname' redefinedlog.c line 279   utsname.version,Error   : object 'utsname' redefinedlog.c line 280   utsname.machine);Error   : identifier expectedlog.c line 281   }Error   : identifier expectedlog.c line 282   }Error   : illegal function definitionlog.c line 284   return ret;Error   : identifier expectedlog.c line 285   }Error   : illegal function definitionlog.c line 290   {Error   : identifier expectedlog.c line 291   if (verbose_log)Error   : illegal function definitionlog.c line 292   return nslog_set_filter(nsoption_charp(verbose_filter));Error   : identifier expectedlog.c line 293   elseError   : identifier expectedlog.c line 294   return nslog_set_filter(nsoption_charp(log_filter));Error   : identifier expectedlog.c line 295   }Error   : illegal function definitionlog.c line 300   {Error   : identifier expectedlog.c line 302   do { if (NSLOG_LEVEL_INFO >=    NSLOG_LEVEL_INFO) { nslog_log( "log.c", "",  302, "Finalising logging, please report any furthError   : declaration syntax errorlog.c line 302   g.c", "",  302, "Finalising logging, please report any further messages"); } } while(0)Error   : declaration syntax errorlog.c line 303   verbose_log = true;Error   : declaration syntax errorlog.c line 304   if (logfile != stderr) {Error   : identifier expectedlog.c line 305   fclose(logfile);Error   : ';' expectedlog.c line 306   logfile = stderr;Error   : identifier expectedlog.c line 307   }Error   : identifier expectedlog.c line 311   }Error   : ### Error: Compilation aborted at end of file ###Error   : macro 'O_RDWR' redefined(included from: macsurf_prefix.h:35 messages.c:1)fcntl.h line 15   #define O_RDWR   0x1   /* open the file in read/write mode */ /*- mm 980420 -*/Error   : macro 'O_RDONLY' redefined(included from: macsurf_prefix.h:35 messages.c:1)fcntl.h line 16   #define O_RDONLY  0x2   /* open the file in read only mode */ /*- mm 980420 -*/Error   : macro 'O_WRONLY' redefined(included from: macsurf_prefix.h:35 messages.c:1)fcntl.h line 17   #define O_WRONLY  0x4   /* open the file in write only mode */ /*- mm 980420 -*/Error   : macro 'O_TRUNC' redefined(included from: macsurf_prefix.h:35 messages.c:1)fcntl.h line 21   #define O_TRUNC   0x0800  /* truncate the file after opening it */Error   : macro 'O_RDWR' redefined(included from: macsurf_prefix.h:35 nsoption.c:1)fcntl.h line 15   #define O_RDWR   0x1   /* open the file in read/write mode */ /*- mm 980420 -*/Error   : macro 'O_RDONLY' redefined(included from: macsurf_prefix.h:35 nsoption.c:1)fcntl.h line 16   #define O_RDONLY  0x2   /* open the file in read only mode */ /*- mm 980420 -*/Error   : macro 'O_WRONLY' redefined(included from: macsurf_prefix.h:35 nsoption.c:1)fcntl.h line 17   #define O_WRONLY  0x4   /* open the file in write only mode */ /*- mm 980420 -*/Error   : macro 'O_TRUNC' redefined(included from: macsurf_prefix.h:35 nsoption.c:1)fcntl.h line 21   #define O_TRUNC   0x0800  /* truncate the file after opening it */Could not find or load the file Ònsurl.cÓ for target ÒMacSurfÓ for project ÒMacSurfÓ.Error   : macro 'O_RDWR' redefined(included from: macsurf_prefix.h:35 time.c:1)fcntl.h line 15   #define O_RDWR   0x1   /* open the file in read/write mode */ /*- mm 980420 -*/Error   : macro 'O_RDONLY' redefined(included from: macsurf_prefix.h:35 time.c:1)fcntl.h line 16   #define O_RDONLY  0x2   /* open the file in read only mode */ /*- mm 980420 -*/Error   : macro 'O_WRONLY' redefined(included from: macsurf_prefix.h:35 time.c:1)fcntl.h line 17   #define O_WRONLY  0x4   /* open the file in write only mode */ /*- mm 980420 -*/Error   : macro 'O_TRUNC' redefined(included from: macsurf_prefix.h:35 time.c:1)fcntl.h line 21   #define O_TRUNC   0x0800  /* truncate the file after opening it */Error   : illegal implicit conversion from 'int' to'struct tm *'time.c line 114   struct tm *tm = gmtime(&t);Error   : illegal use of incomplete struct/union/class 'struct tm'time.c line 117   weekdays_short[tm->tm_wday], tm->tm_mday,Error   : illegal use of incomplete struct/union/class 'struct tm'time.c line 118   months[tm->tm_mon], tm->tm_year + 1900,Error   : illegal use of incomplete struct/union/class 'struct tm'time.c line 119   tm->tm_hour, tm->tm_min, tm->tm_sec);Error   : macro 'O_RDWR' redefined(included from: macsurf_prefix.h:35 url.c:1)fcntl.h line 15   #define O_RDWR   0x1   /* open the file in read/write mode */ /*- mm 980420 -*/Error   : macro 'O_RDONLY' redefined(included from: macsurf_prefix.h:35 url.c:1)fcntl.h line 16   #define O_RDONLY  0x2   /* open the file in read only mode */ /*- mm 980420 -*/Error   : macro 'O_WRONLY' redefined(included from: macsurf_prefix.h:35 url.c:1)fcntl.h line 17   #define O_WRONLY  0x4   /* open the file in write only mode */ /*- mm 980420 -*/Error   : macro 'O_TRUNC' redefined(included from: macsurf_prefix.h:35 url.c:1)fcntl.h line 21   #define O_TRUNC   0x0800  /* truncate the file after opening it */Error   : macro 'O_RDWR' redefined(included from: macsurf_prefix.h:35 utf8.c:1)fcntl.h line 15   #define O_RDWR   0x1   /* open the file in read/write mode */ /*- mm 980420 -*/Error   : macro 'O_RDONLY' redefined(included from: macsurf_prefix.h:35 utf8.c:1)fcntl.h line 16   #define O_RDONLY  0x2   /* open the file in read only mode */ /*- mm 980420 -*/Error   : macro 'O_WRONLY' redefined(included from: macsurf_prefix.h:35 utf8.c:1)fcntl.h line 17   #define O_WRONLY  0x4   /* open the file in write only mode */ /*- mm 980420 -*/Error   : macro 'O_TRUNC' redefined(included from: macsurf_prefix.h:35 utf8.c:1)fcntl.h line 21   #define O_TRUNC   0x0800  /* truncate the file after opening it */Error   : ')' expectedutf8.c line 476   "failed to convert to local encoding, return %d", ret);Error   : macro 'O_RDWR' redefined(included from: macsurf_prefix.h:35 utils.c:1)fcntl.h line 15   #define O_RDWR   0x1   /* open the file in read/write mode */ /*- mm 980420 -*/Error   : macro 'O_RDONLY' redefined(included from: macsurf_prefix.h:35 utils.c:1)fcntl.h line 16   #define O_RDONLY  0x2   /* open the file in read only mode */ /*- mm 980420 -*/Error   : macro 'O_WRONLY' redefined(included from: macsurf_prefix.h:35 utils.c:1)fcntl.h line 17   #define O_WRONLY  0x4   /* open the file in write only mode */ /*- mm 980420 -*/Error   : macro 'O_TRUNC' redefined(included from: macsurf_prefix.h:35 utils.c:1)fcntl.h line 21   #define O_TRUNC   0x0800  /* truncate the file after opening it */Error   : macro 'S_IFDIR' redefinedstat.h line 16   #define S_IFDIR        0x4000         /* directory */Error   : macro 'S_IFREG' redefinedstat.h line 20   #define S_IFREG        0x8000         /* regular */Error   : macro 'S_ISDIR' redefinedstat.h line 27   #define S_ISDIR(m) (((m)&(S_IFMT)) == (S_IFDIR))Error   : macro 'S_ISREG' redefinedstat.h line 29   #define S_ISREG(m) (((m)&(S_IFMT)) == (S_IFREG))Error   : macro 'S_IRWXU' redefinedstat.h line 36   #define S_IRWXU 0x0E00  /* Permissions for file owner class */ /*- mm 990107 -*/Error   : macro 'S_IRUSR' redefinedstat.h line 37   #define  S_IRUSR 0x0800 /* Read permission file owner class */ /*- mm 990107 -*/Error   : macro 'S_IWUSR' redefinedstat.h line 38   #define  S_IWUSR 0x0400 /* writ permission file owner class */ /*- mm 990107 -*/Error   : macro 'S_IXUSR' redefinedstat.h line 39   #define  S_IXUSR 0x0200 /* exec permission file owner class */ /*- mm 990107 -*/Error   : struct/union/enum/class tag 'stat' redefinedstat.h line 89   {Error   : expression syntax errorregex.h line 57   *restrict preg, const char *restrict string, size_t nmatch, regmatch_t pmatch[restrict], int eflags);Error   : expression syntax errorutils.c line 563   regmatch_t pmatch[restrict],